---
source: crates/node/tests/it/gas/tip20_channel_reserve.rs
expression: gas
---
close_existing_channel_after_settlement: 79713
close_existing_channel_no_prior_settlement: 79713
open_new_channel_existing_reserve_balance: 311225
open_new_channel_first_reserve_balance: 808425
open_new_channel_with_storage_credit: 311225
request_close_existing_channel: 30123
settle_existing_channel_existing_payee_balance: 318431
settle_existing_channel_new_payee_balance: 565871
top_up_existing_channel: 63605
top_up_existing_channel_cancel_close_request: 65480
