---
source: crates/node/tests/it/gas/tip20_channel_reserve.rs
expression: gas
---
close_existing_channel_after_settlement: 97713
close_existing_channel_no_prior_settlement: 97713
open_new_channel_existing_reserve_balance: 315625
open_new_channel_first_reserve_balance: 814925
open_new_channel_with_storage_credit: 77025
request_close_existing_channel: 30323
settle_existing_channel_existing_payee_balance: 318631
settle_existing_channel_new_payee_balance: 568171
top_up_existing_channel: 63805
top_up_existing_channel_cancel_close_request: 65680
