---
source: crates/node/tests/it/tempo_transaction/mod.rs
expression: gas_estimation
---
baseline: 274318
"secp256k1::noop": 274318
"secp256k1::transfer": 546576
"secp256k1::batch_2_transfers": 552436
"secp256k1::batch_5_transfers": 570016
"secp256k1::batch_10_transfers": 599317
"secp256k1::contract_creation": 779451
"p256::noop": 279358
"p256::transfer": 551615
"p256::batch_2_transfers": 557476
"p256::batch_5_transfers": 575056
"p256::batch_10_transfers": 604357
"p256::contract_creation": 784491
"webauthn::noop": 280793
"webauthn::transfer": 553051
"webauthn::batch_2_transfers": 558911
"webauthn::batch_5_transfers": 576491
"webauthn::batch_10_transfers": 605792
"webauthn::contract_creation": 785926
"key_auth_p256_0_limits::noop": 538498
"key_auth_secp256k1_0_limits::noop": 538498
"key_auth_webauthn_0_limits::noop": 538498
"key_auth_secp256k1_witness::noop": 542127
"key_auth_p256_0_limits::transfer": 810756
"key_auth_secp256k1_0_limits::transfer": 810756
"key_auth_webauthn_0_limits::transfer": 810756
"key_auth_secp256k1_witness::transfer": 814385
"key_auth_p256_0_limits::batch_2_transfers": 816616
"key_auth_secp256k1_0_limits::batch_2_transfers": 816616
"key_auth_webauthn_0_limits::batch_2_transfers": 816616
"key_auth_secp256k1_witness::batch_2_transfers": 820245
"key_auth_p256_0_limits::batch_5_transfers": 834197
"key_auth_secp256k1_0_limits::batch_5_transfers": 834197
"key_auth_webauthn_0_limits::batch_5_transfers": 834197
"key_auth_secp256k1_witness::batch_5_transfers": 837825
"key_auth_p256_0_limits::batch_10_transfers": 863497
"key_auth_secp256k1_0_limits::batch_10_transfers": 863497
"key_auth_webauthn_0_limits::batch_10_transfers": 863497
"key_auth_secp256k1_witness::batch_10_transfers": 867126
"key_auth_p256_1_limit::noop": 1042466
"key_auth_secp256k1_1_limit::noop": 1042466
"key_auth_webauthn_1_limit::noop": 1042466
"key_auth_secp256k1_witness_1_limit::noop": 1046095
"key_auth_p256_1_limit::transfer": 1314724
"key_auth_secp256k1_1_limit::transfer": 1314724
"key_auth_webauthn_1_limit::transfer": 1314724
"key_auth_secp256k1_witness_1_limit::transfer": 1318353
"key_auth_p256_1_limit::batch_2_transfers": 1320584
"key_auth_secp256k1_1_limit::batch_2_transfers": 1320584
"key_auth_webauthn_1_limit::batch_2_transfers": 1320584
"key_auth_secp256k1_witness_1_limit::batch_2_transfers": 1324213
"key_auth_p256_1_limit::batch_5_transfers": 1338165
"key_auth_secp256k1_1_limit::batch_5_transfers": 1338165
"key_auth_webauthn_1_limit::batch_5_transfers": 1338165
"key_auth_secp256k1_witness_1_limit::batch_5_transfers": 1341793
"key_auth_p256_1_limit::batch_10_transfers": 1367466
"key_auth_secp256k1_1_limit::batch_10_transfers": 1367466
"key_auth_webauthn_1_limit::batch_10_transfers": 1367466
"key_auth_secp256k1_witness_1_limit::batch_10_transfers": 1371094
"key_auth_secp256k1_target_any_selector::transfer": 1825748
"key_auth_p256_3_limits::noop": 2050403
"key_auth_secp256k1_3_limits::noop": 2050403
"key_auth_webauthn_3_limits::noop": 2050403
"key_auth_p256_3_limits::transfer": 2322661
"key_auth_secp256k1_3_limits::transfer": 2322661
"key_auth_webauthn_3_limits::transfer": 2322661
"key_auth_p256_3_limits::batch_2_transfers": 2328521
"key_auth_secp256k1_3_limits::batch_2_transfers": 2328521
"key_auth_webauthn_3_limits::batch_2_transfers": 2328521
"key_auth_p256_3_limits::batch_5_transfers": 2346101
"key_auth_secp256k1_3_limits::batch_5_transfers": 2346101
"key_auth_webauthn_3_limits::batch_5_transfers": 2346101
"key_auth_p256_3_limits::batch_10_transfers": 2375402
"key_auth_secp256k1_3_limits::batch_10_transfers": 2375402
"key_auth_webauthn_3_limits::batch_10_transfers": 2375402
"key_auth_secp256k1_selector_any_recipient::transfer": 2588756
"key_auth_secp256k1_selector_recipient::transfer": 3349748
"keychain_secp256k1::noop": 541623
"keychain_secp256k1::transfer": 814082
"keychain_secp256k1::batch_2_transfers": 820245
"keychain_secp256k1::batch_5_transfers": 838732
"keychain_secp256k1::batch_10_transfers": 869545
"keychain_p256::noop": 546662
"keychain_p256::transfer": 819122
"keychain_p256::batch_2_transfers": 825284
"keychain_p256::batch_5_transfers": 843772
"keychain_p256::batch_10_transfers": 874585
"keychain_secp256k1_selector_any_recipient::transfer": 2594501
"keychain_secp256k1_selector_recipient::transfer": 3353578
"keychain_secp256k1_target_any_selector::transfer": 1829276
